# Test case 2 for simple polygons. See https://cgal.geometryfactory.com/CGAL/Members/wiki/Visibility/TestCases
7
0 0
13 0
13 2
11 2
7 2
4 2
0 5
7
0 1
1 2
2 3
3 4
4 5
5 6
6 0