<?xml version="1.0" encoding="UTF-8" standalone="yes"?>
<geometry version="0.8" caption="second life" unit="m"
  xmlns:xsi="http://www.w3.org/2001/XMLSchema-instance"
   xsi:noNamespaceSchemaLocation="http://134.94.2.137/jps_geoemtry.xsd">

<rooms>
	<room id ="0" caption ="floor">
		<subroom id ="0" caption="dummy_caption" class="Not specified" A_x="0" B_y="0" C_z="0">
			<polygon caption="wall" type="wall">
				<vertex px="5" py="8"/>
				<vertex px="5" py="4"/>
			</polygon>
			<polygon caption="wall" type="wall">
				<vertex px="6" py="8"/>
				<vertex px="6" py="7"/>
			</polygon>
			<polygon caption="wall" type="wall">
				<vertex px="6" py="4"/>
				<vertex px="6" py="5"/>
			</polygon>
			<polygon caption="wall" type="internal">
				<vertex px="6" py="8"/>
				<vertex px="5" py="8"/>
			</polygon>
			<polygon caption="wall" type="internal">
				<vertex px="5" py="4"/>
				<vertex px="6" py="4"/>
			</polygon>
		</subroom>
		<subroom id ="1" caption="dummy_caption" class="Not specified" A_x="0" B_y="0" C_z="0">
			<polygon caption="wall" type="wall">
				<vertex px="8" py="8"/>
				<vertex px="8" py="7"/>
			</polygon>
			<polygon caption="wall" type="wall">
				<vertex px="8" py="5"/>
				<vertex px="8" py="4"/>
			</polygon>
			<polygon caption="wall" type="wall">
				<vertex px="6" py="8"/>
				<vertex px="6" py="7"/>
			</polygon>
			<polygon caption="wall" type="wall">
				<vertex px="6" py="4"/>
				<vertex px="6" py="5"/>
			</polygon>
			<polygon caption="wall" type="internal">
				<vertex px="8" py="8"/>
				<vertex px="6" py="8"/>
			</polygon>
			<polygon caption="wall" type="internal">
				<vertex px="6" py="4"/>
				<vertex px="8" py="4"/>
			</polygon>
		</subroom>
		<subroom id ="2" caption="dummy_caption" class="Not specified" A_x="0" B_y="0" C_z="0">
			<polygon caption="wall" type="wall">
				<vertex px="8" py="8"/>
				<vertex px="8" py="7"/>
			</polygon>
			<polygon caption="wall" type="wall">
				<vertex px="8" py="5"/>
				<vertex px="8" py="4"/>
			</polygon>
			<polygon caption="wall" type="internal">
				<vertex px="11" py="8"/>
				<vertex px="8" py="8"/>
			</polygon>
			<polygon caption="wall" type="internal">
				<vertex px="8" py="4"/>
				<vertex px="11" py="4"/>
			</polygon>
		</subroom>
		<crossings>
	<crossing id ="0" subroom1_id="0" subroom2_id="1">
		<vertex px="6" py="7"/>
		<vertex px="6" py="5"/>
	</crossing>
	<crossing id ="1" subroom1_id="1" subroom2_id="2">
		<vertex px="8" py="7"/>
		<vertex px="8" py="5"/>
	</crossing>
		</crossings>
	</room>
</rooms>
<transitions>
	<transition id ="0" caption="NaN" type="NaN" room1_id="0" subroom1_id="2" room2_id="-1" subroom2_id="-1">
		<vertex px="11" py="8"/>
		<vertex px="11" py="4"/>
	</transition>
</transitions>
</geometry>
