<?xml version="1.0" encoding="UTF-8" standalone="yes"?>
<geometry version="0.8" caption="second life" unit="m"
  xmlns:xsi="http://www.w3.org/2001/XMLSchema-instance"
   xsi:noNamespaceSchemaLocation="http://134.94.2.137/jps_geoemtry.xsd">

<rooms>
	<room id ="0" caption ="floor">
		<subroom id ="1" caption="dummy_caption" class="Not specified" A_x="0" B_y="0" C_z="0">
			<polygon caption="wall" type="wall">
				<vertex px="2" py="0"/>
				<vertex px="0" py="2"/>
			</polygon>
			<polygon caption="wall" type="internal">
				<vertex px="4" py="0"/>
				<vertex px="4.53" py="0.53"/>
			</polygon>
			<polygon caption="wall" type="internal">
				<vertex px="6" py="2"/>
				<vertex px="5.53" py="1.53"/>
			</polygon>
			<polygon caption="wall" type="internal">
				<vertex px="6" py="2"/>
				<vertex px="6" py="2.5"/>
			</polygon>
			<polygon caption="wall" type="internal">
				<vertex px="6" py="4"/>
				<vertex px="6" py="3.5"/>
			</polygon>
			<polygon caption="wall" type="internal">
				<vertex px="6" py="4"/>
				<vertex px="5.48" py="4.48"/>
			</polygon>
			<polygon caption="wall" type="internal">
				<vertex px="4" py="6"/>
				<vertex px="4.48" py="5.48"/>
			</polygon>
			<polygon caption="wall" type="internal">
				<vertex px="4" py="6"/>
				<vertex px="3.5" py="6.03"/>
			</polygon>
			<polygon caption="wall" type="internal">
				<vertex px="2" py="6"/>
				<vertex px="2.5" py="6.03"/>
			</polygon>
			<polygon caption="wall" type="internal">
				<vertex px="2" py="6"/>
				<vertex px="1.5" py="5.5"/>
			</polygon>
			<polygon caption="wall" type="internal">
				<vertex px="0" py="4"/>
				<vertex px="0.5" py="4.5"/>
			</polygon>
			<polygon caption="wall" type="internal">
				<vertex px="0" py="4"/>
				<vertex px="0" py="3.5"/>
			</polygon>
			<polygon caption="wall" type="internal">
				<vertex px="0" py="2"/>
				<vertex px="0" py="2.5"/>
			</polygon>
			<polygon caption="wall" type="internal">
				<vertex px="2" py="0"/>
				<vertex px="2.5" py="0.03"/>
			</polygon>
			<polygon caption="wall" type="internal">
				<vertex px="4" py="0"/>
				<vertex px="3.5" py="0.03"/>
			</polygon>
		</subroom>
		<crossings>
		</crossings>
	</room>
</rooms>
<transitions>
	<transition id ="1" caption="auf_Linine_1" type="NaN" room1_id="0" subroom1_id="1" room2_id="-1" subroom2_id="-1">
		<vertex px="0" py="2.5"/>
		<vertex px="0" py="3.5"/>
	</transition>
	<transition id ="2" caption="auf_Linine_2" type="NaN" room1_id="0" subroom1_id="1" room2_id="-1" subroom2_id="-1">
		<vertex px="6" py="2.5"/>
		<vertex px="6" py="3.5"/>
	</transition>
	<transition id ="3" caption="neben_Linine_innen" type="NaN" room1_id="0" subroom1_id="1" room2_id="-1" subroom2_id="-1">
		<vertex px="2.5" py="0.03"/>
		<vertex px="3.5" py="0.03"/>
	</transition>
	<transition id ="4" caption="neben_Linine_aussen" type="NaN" room1_id="0" subroom1_id="1" room2_id="-1" subroom2_id="-1">
		<vertex px="2.5" py="6.03"/>
		<vertex px="3.5" py="6.03"/>
	</transition>
	<transition id ="5" caption="auf_Linine_schraeg" type="NaN" room1_id="0" subroom1_id="1" room2_id="-1" subroom2_id="-1">
		<vertex px="0.5" py="4.5"/>
		<vertex px="1.5" py="5.5"/>
	</transition>
	<transition id ="6" caption="neben_Linine_innen_schraeg" type="NaN" room1_id="0" subroom1_id="1" room2_id="-1" subroom2_id="-1">
		<vertex px="4.48" py="5.48"/>
		<vertex px="5.48" py="4.48"/>
	</transition>
	<transition id ="7" caption="neben_Linine_aussen_schraeg" type="NaN" room1_id="0" subroom1_id="1" room2_id="-1" subroom2_id="-1">
		<vertex px="4.53" py="0.53"/>
		<vertex px="5.53" py="1.53"/>
	</transition>
</transitions>
</geometry>
