<?xml version="1.0" encoding="UTF-8" standalone="yes"?>
<geometry version="0.8" caption="second life" unit="m"
  xmlns:xsi="http://www.w3.org/2001/XMLSchema-instance"
   xsi:noNamespaceSchemaLocation="http://134.94.2.137/jps_geoemtry.xsd">

<rooms>
	<room id ="0" caption ="floor">
		<subroom id ="1" caption="dummy_caption" class="Not specified" A_x="0" B_y="0" C_z="0">
			<polygon caption="wall" type="wall">
				<vertex px="0" py="6"/>
				<vertex px="-2" py="6"/>
			</polygon>
			<polygon caption="wall" type="internal">
				<vertex px="-2" py="4"/>
				<vertex px="-2" py="4.5"/>
			</polygon>
			<polygon caption="wall" type="internal">
				<vertex px="-2" py="6"/>
				<vertex px="-2" py="5.5"/>
			</polygon>
			<polygon caption="wall" type="internal">
				<vertex px="0" py="4"/>
				<vertex px="0" py="4.5"/>
			</polygon>
			<polygon caption="wall" type="internal">
				<vertex px="-2" py="4"/>
				<vertex px="0" py="4"/>
			</polygon>
			<polygon caption="wall" type="internal">
				<vertex px="0" py="6"/>
				<vertex px="0" py="5.5"/>
			</polygon>
		</subroom>
		<subroom id ="2" caption="dummy_caption" class="Not specified" A_x="0" B_y="0" C_z="0">
			<polygon caption="wall" type="internal">
				<vertex px="2" py="6"/>
				<vertex px="1.5" py="6"/>
			</polygon>
			<polygon caption="wall" type="internal">
				<vertex px="0" py="6"/>
				<vertex px="0.5" py="6"/>
			</polygon>
			<polygon caption="wall" type="internal">
				<vertex px="0" py="4"/>
				<vertex px="0" py="4.5"/>
			</polygon>
			<polygon caption="wall" type="internal">
				<vertex px="2" py="6"/>
				<vertex px="1.5" py="5.5"/>
			</polygon>
			<polygon caption="wall" type="internal">
				<vertex px="0" py="4"/>
				<vertex px="0.5" py="4.5"/>
			</polygon>
			<polygon caption="wall" type="internal">
				<vertex px="0" py="6"/>
				<vertex px="0" py="5.5"/>
			</polygon>
		</subroom>
		<subroom id ="3" caption="dummy_caption" class="Not specified" A_x="0" B_y="0" C_z="0">
			<polygon caption="wall" type="wall">
				<vertex px="2" py="8"/>
				<vertex px="2" py="6"/>
			</polygon>
			<polygon caption="wall" type="internal">
				<vertex px="2" py="6"/>
				<vertex px="1.5" py="6"/>
			</polygon>
			<polygon caption="wall" type="internal">
				<vertex px="0" py="6"/>
				<vertex px="0.5" py="6"/>
			</polygon>
			<polygon caption="wall" type="internal">
				<vertex px="2" py="8"/>
				<vertex px="1.5" py="8"/>
			</polygon>
			<polygon caption="wall" type="internal">
				<vertex px="0" py="8"/>
				<vertex px="0.5" py="8"/>
			</polygon>
			<polygon caption="wall" type="internal">
				<vertex px="0" py="6"/>
				<vertex px="0" py="8"/>
			</polygon>
		</subroom>
		<subroom id ="4" caption="dummy_caption" class="Not specified" A_x="0" B_y="0" C_z="0">
			<polygon caption="wall" type="wall">
				<vertex px="2" py="4"/>
				<vertex px="2" py="6"/>
			</polygon>
			<polygon caption="wall" type="internal">
				<vertex px="2" py="6"/>
				<vertex px="1.5" py="5.5"/>
			</polygon>
			<polygon caption="wall" type="internal">
				<vertex px="0" py="4"/>
				<vertex px="0.5" py="4.5"/>
			</polygon>
			<polygon caption="wall" type="internal">
				<vertex px="0" py="4"/>
				<vertex px="2" py="4"/>
			</polygon>
		</subroom>
		<crossings>
	<crossing id ="1" subroom1_id="1" subroom2_id="2">
		<vertex px="0" py="4.5"/>
		<vertex px="0" py="5.5"/>
	</crossing>
	<crossing id ="2" subroom1_id="2" subroom2_id="3">
		<vertex px="0.5" py="6"/>
		<vertex px="1.5" py="6"/>
	</crossing>
	<crossing id ="3" subroom1_id="2" subroom2_id="4">
		<vertex px="0.5" py="4.5"/>
		<vertex px="1.5" py="5.5"/>
	</crossing>
		</crossings>
	</room>
</rooms>
<transitions>
	<transition id ="1" caption="exit1" type="NaN" room1_id="0" subroom1_id="1" room2_id="-1" subroom2_id="-1">
		<vertex px="-2" py="4.5"/>
		<vertex px="-2" py="5.5"/>
	</transition>
	<transition id ="2" caption="exit2" type="NaN" room1_id="0" subroom1_id="3" room2_id="-1" subroom2_id="-1">
		<vertex px="0.5" py="8"/>
		<vertex px="1.5" py="8"/>
	</transition>
</transitions>
</geometry>
