<?xml version="1.0" encoding="UTF-8" standalone="yes"?>
<geometry version="0.8" caption="second life" unit="m"
  xmlns:xsi="http://www.w3.org/2001/XMLSchema-instance"
   xsi:noNamespaceSchemaLocation="http://134.94.2.137/jps_geoemtry.xsd">

<rooms>
	<room id ="0" caption ="floor">
		<subroom id ="1" caption="dummy_caption" class="Not specified" A_x="0" B_y="0" C_z="0">
			<polygon caption="wall" type="wall">
				<vertex px="0" py="1.5"/>
				<vertex px="1" py="3"/>
			</polygon>
			<polygon caption="wall" type="wall">
				<vertex px="3" py="3"/>
				<vertex px="4" py="1.5"/>
			</polygon>
			<polygon caption="wall" type="wall">
				<vertex px="4" py="1.5"/>
				<vertex px="3" py="0"/>
			</polygon>
			<polygon caption="wall" type="internal">
				<vertex px="3" py="3"/>
				<vertex px="2.5" py="2.965"/>
			</polygon>
			<polygon caption="wall" type="internal">
				<vertex px="1" py="3"/>
				<vertex px="1.5" py="2.96"/>
			</polygon>
			<polygon caption="wall" type="internal">
				<vertex px="0" py="1.5"/>
				<vertex px="0.1" py="1.28"/>
			</polygon>
			<polygon caption="wall" type="internal">
				<vertex px="1" py="0"/>
				<vertex px="0.82" py="0.27"/>
			</polygon>
			<polygon caption="wall" type="internal">
				<vertex px="3" py="0"/>
				<vertex px="2.4" py="0"/>
			</polygon>
			<polygon caption="wall" type="internal">
				<vertex px="1" py="0"/>
				<vertex px="1.5" py="0"/>
			</polygon>
		</subroom>
		<crossings>
		</crossings>
	</room>
</rooms>
<transitions>
	<transition id ="1" caption="auf_Linine-1" type="NaN" room1_id="0" subroom1_id="1" room2_id="-1" subroom2_id="-1">
		<vertex px="1.5" py="0"/>
		<vertex px="2.4" py="0"/>
	</transition>
	<transition id ="2" caption="neben_Linine_i" type="NaN" room1_id="0" subroom1_id="1" room2_id="-1" subroom2_id="-1">
		<vertex px="1.5" py="2.96"/>
		<vertex px="2.5" py="2.965"/>
	</transition>
	<transition id ="3" caption="neben_Linine_a" type="NaN" room1_id="0" subroom1_id="1" room2_id="-1" subroom2_id="-1">
		<vertex px="0.1" py="1.28"/>
		<vertex px="0.82" py="0.27"/>
	</transition>
</transitions>
</geometry>
